// Jest Snapshot v1, https://goo.gl/fbAQLP

exports[`should match with snapshot 1`] = `
<View
  accessible={true}
  collapsable={false}
  focusable={false}
  onClick={[Function]}
  onResponderGrant={[Function]}
  onResponderMove={[Function]}
  onResponderRelease={[Function]}
  onResponderTerminate={[Function]}
  onResponderTerminationRequest={[Function]}
  onStartShouldSetResponder={[Function]}
  style={
    Object {
      "alignItems": "center",
      "backgroundColor": "#f8f9fa",
      "borderRadius": 50,
      "bottom": 20,
      "height": 60,
      "justifyContent": "center",
      "opacity": 1,
      "position": "absolute",
      "right": 20,
      "width": 60,
    }
  }
  testID="floating-button"
>
  <Text
    allowFontScaling={false}
    selectable={false}
    style={
      Array [
        Object {
          "color": "#343a40",
          "fontSize": 30,
        },
        undefined,
        Object {
          "fontFamily": "Material Design Icons",
          "fontStyle": "normal",
          "fontWeight": "normal",
        },
        Object {},
      ]
    }
  >
    
  </Text>
</View>
`;

exports[`should render FloatingButton css 1`] = `
Object {
  "alignItems": "center",
  "backgroundColor": "#f8f9fa",
  "borderRadius": 50,
  "bottom": 20,
  "height": 60,
  "justifyContent": "center",
  "opacity": 1,
  "position": "absolute",
  "right": 20,
  "width": 60,
}
`;
