// Jest Snapshot v1, https://goo.gl/fbAQLP

exports[`should match with snapshot 1`] = `
<Modal
  animationType="none"
  deviceHeight={null}
  deviceWidth={null}
  hardwareAccelerated={false}
  hideModalContentWhileAnimating={false}
  onBackdropPress={[Function]}
  onModalHide={[Function]}
  onModalWillHide={[Function]}
  onModalWillShow={[Function]}
  onRequestClose={[Function]}
  panResponderThreshold={4}
  scrollHorizontal={false}
  scrollOffset={0}
  scrollOffsetMax={0}
  scrollTo={null}
  statusBarTranslucent={false}
  supportedOrientations={
    Array [
      "portrait",
      "landscape",
    ]
  }
  swipeDirection="down"
  swipeThreshold={100}
  testID="test-password-modal"
  transparent={true}
  visible={true}
>
  <View
    accessible={true}
    collapsable={false}
    focusable={true}
    forwardedRef={[Function]}
    onClick={[Function]}
    onResponderGrant={[Function]}
    onResponderMove={[Function]}
    onResponderRelease={[Function]}
    onResponderTerminate={[Function]}
    onResponderTerminationRequest={[Function]}
    onStartShouldSetResponder={[Function]}
    style={
      Object {
        "backgroundColor": "black",
        "bottom": 0,
        "height": 1334,
        "left": 0,
        "opacity": 0,
        "position": "absolute",
        "right": 0,
        "top": 0,
        "width": 750,
      }
    }
  />
  <View
    collapsable={false}
    deviceHeight={null}
    deviceWidth={null}
    forwardedRef={[Function]}
    hideModalContentWhileAnimating={false}
    onBackdropPress={[Function]}
    onModalHide={[Function]}
    onModalWillHide={[Function]}
    onModalWillShow={[Function]}
    onMoveShouldSetResponder={[Function]}
    onMoveShouldSetResponderCapture={[Function]}
    onResponderEnd={[Function]}
    onResponderGrant={[Function]}
    onResponderMove={[Function]}
    onResponderReject={[Function]}
    onResponderRelease={[Function]}
    onResponderStart={[Function]}
    onResponderTerminate={[Function]}
    onResponderTerminationRequest={[Function]}
    onStartShouldSetResponder={[Function]}
    onStartShouldSetResponderCapture={[Function]}
    panResponderThreshold={4}
    pointerEvents="box-none"
    scrollHorizontal={false}
    scrollOffset={0}
    scrollOffsetMax={0}
    scrollTo={null}
    statusBarTranslucent={false}
    style={
      Object {
        "flex": 1,
        "justifyContent": "center",
        "left": 7.5,
        "margin": 37.5,
        "marginVertical": 20,
        "position": "absolute",
        "right": 7.5,
        "top": 381.14285714285717,
        "transform": Array [
          Object {
            "translateY": 1334,
          },
        ],
      }
    }
    supportedOrientations={
      Array [
        "portrait",
        "landscape",
      ]
    }
    swipeDirection="down"
    swipeThreshold={100}
  >
    <View
      style={
        Object {
          "backgroundColor": "#f8f9fa",
          "borderRadius": 15,
          "height": 444.6666666666667,
          "padding": 20,
        }
      }
      testID="test-password-modal-container"
    >
      <Text
        style={
          Object {
            "fontSize": 18,
            "fontStyle": "italic",
            "marginBottom": 10,
          }
        }
      >
        <Text
          style={
            Object {
              "fontSize": 18,
              "fontWeight": "bold",
            }
          }
        >
          1-
        </Text>
         
        Şifreniz en az 1 adet küçük karakter içermelidir!
      </Text>
      <Text
        style={
          Object {
            "fontSize": 18,
            "fontStyle": "italic",
            "marginBottom": 10,
          }
        }
      >
        <Text
          style={
            Object {
              "fontSize": 18,
              "fontWeight": "bold",
            }
          }
        >
          2-
        </Text>
         
        Şifreniz en az 1 adet büyük karakter içermelidir!
      </Text>
      <Text
        style={
          Object {
            "fontSize": 18,
            "fontStyle": "italic",
            "marginBottom": 10,
          }
        }
      >
        <Text
          style={
            Object {
              "fontSize": 18,
              "fontWeight": "bold",
            }
          }
        >
          3-
        </Text>
         
        Şifreniz en az 1 adet sayı içermelidir!
      </Text>
      <Text
        style={
          Object {
            "fontSize": 18,
            "fontStyle": "italic",
            "marginBottom": 10,
          }
        }
      >
        <Text
          style={
            Object {
              "fontSize": 18,
              "fontWeight": "bold",
            }
          }
        >
          4-
        </Text>
         
        Şifreniz en az 1 adet özel karakter içermelidir!
      </Text>
      <Text
        style={
          Object {
            "fontSize": 18,
            "fontStyle": "italic",
            "marginBottom": 10,
          }
        }
      >
        <Text
          style={
            Object {
              "fontSize": 18,
              "fontWeight": "bold",
            }
          }
        >
          5-
        </Text>
         
        Şifreniz en az 8 karakter olmalıdır!
      </Text>
    </View>
  </View>
</Modal>
`;

exports[`should render PasswordModal css 1`] = `
Object {
  "backgroundColor": "#f8f9fa",
  "borderRadius": 15,
  "height": 444.6666666666667,
  "padding": 20,
}
`;
